12-03 00:32:38 com_github_MitjaNemec_ReplicateLayout.action_replicate_layout 392:Plugin executed on: 'win32'
12-03 00:32:38 com_github_MitjaNemec_ReplicateLayout.action_replicate_layout 393:Plugin executed with python version: '3.11.5 (main, Dec 24 2024, 05:27:06) [MSC v.1942 64 bit (AMD64)]'
12-03 00:32:38 com_github_MitjaNemec_ReplicateLayout.action_replicate_layout 394:KiCad build version: 8.0.9
12-03 00:32:38 com_github_MitjaNemec_ReplicateLayout.action_replicate_layout 395:Plugin version: 3.0.3
12-03 00:32:38 com_github_MitjaNemec_ReplicateLayout.action_replicate_layout 396:Frame repr: <wx._core.Frame object at 0x000001F173B1FE20>
12-03 00:32:38 com_github_MitjaNemec_ReplicateLayout.action_replicate_layout 420:Preparing replicator with U3 as a reference
12-03 00:32:38 com_github_MitjaNemec_ReplicateLayout.replicate_layout 117:getting a list of all footprints on board
12-03 00:32:38 com_github_MitjaNemec_ReplicateLayout.action_replicate_layout 468:source anchor footprint is 'U3'
Located on: ['Phase_shifter2']
With filenames: ['Phase_shifter.kicad_sch']
With sheet_id:['Phase_shifter2']
12-03 00:32:38 com_github_MitjaNemec_ReplicateLayout.action_replicate_layout 475:Corresponding footprints are 
[('U3', ['Phase_shifter2']), ('U1', ['Phase_shifter']), ('U2', ['Phase_shifter1']), ('U4', ['Phase_shifter3'])]
12-03 00:32:38 com_github_MitjaNemec_ReplicateLayout.action_replicate_layout 487:Showing dialog
12-03 00:32:38 com_github_MitjaNemec_ReplicateLayout.replicate_layout 472:constructing a list of sheets suitable for replication on level:'Phase_shifter2', file:'Phase_shifter.kicad_sch'
12-03 00:32:38 com_github_MitjaNemec_ReplicateLayout.replicate_layout 509:suitable sheets are:[['Phase_shifter'], ['Phase_shifter1'], ['Phase_shifter3']]
12-03 00:32:38 com_github_MitjaNemec_ReplicateLayout.replicate_layout 1507:Level selected: ['Phase_shifter2']
12-03 00:32:38 com_github_MitjaNemec_ReplicateLayout.replicate_layout 1331:Filtering list of tracks
12-03 00:32:38 com_github_MitjaNemec_ReplicateLayout.action_replicate_layout 493:Toolbar position: wx.Point(1584, 111)
12-03 00:32:38 com_github_MitjaNemec_ReplicateLayout.action_replicate_layout 498:Dialog position: wx.Point(1145, 111)
12-03 00:32:39 com_github_MitjaNemec_ReplicateLayout.replicate_layout 472:constructing a list of sheets suitable for replication on level:'Phase_shifter2', file:'Phase_shifter.kicad_sch'
12-03 00:32:39 com_github_MitjaNemec_ReplicateLayout.replicate_layout 509:suitable sheets are:[['Phase_shifter'], ['Phase_shifter1'], ['Phase_shifter3']]
12-03 00:32:39 com_github_MitjaNemec_ReplicateLayout.action_replicate_layout 240:Replicating layout
12-03 00:32:39 com_github_MitjaNemec_ReplicateLayout.replicate_layout 288:Starting replication of sheets: [['Phase_shifter'], ['Phase_shifter1'], ['Phase_shifter3']]
on level: ['Phase_shifter2']
with tracks=True, zone=True, text=True, text=True, intersecting=False, remove=False, locked footprints=False, group_only=False
12-03 00:32:39 root 332:updating GUI message: 'Preparing for replication'
12-03 00:32:39 root 337:updating GUI with: 0
12-03 00:32:39 com_github_MitjaNemec_ReplicateLayout.replicate_layout 358:Getting the list of source footprints
12-03 00:32:39 com_github_MitjaNemec_ReplicateLayout.replicate_layout 368:Getting the list of all the remaining footprints
12-03 00:32:39 com_github_MitjaNemec_ReplicateLayout.replicate_layout 375:Getting source tracks
12-03 00:32:39 com_github_MitjaNemec_ReplicateLayout.replicate_layout 1331:Filtering list of tracks
12-03 00:32:39 com_github_MitjaNemec_ReplicateLayout.replicate_layout 379:Getting source zones
12-03 00:32:39 com_github_MitjaNemec_ReplicateLayout.replicate_layout 383:Getting source text items
12-03 00:32:39 com_github_MitjaNemec_ReplicateLayout.replicate_layout 387:Getting source drawing items
12-03 00:32:39 root 332:updating GUI message: 'Replicating footprints'
12-03 00:32:39 com_github_MitjaNemec_ReplicateLayout.replicate_layout 861:Replicating footprints
12-03 00:32:39 com_github_MitjaNemec_ReplicateLayout.replicate_layout 868:Replicating footprints on sheet ['Phase_shifter']
12-03 00:32:39 com_github_MitjaNemec_ReplicateLayout.replicate_layout 985:Src text UUid:1aedf437-d1c3-4eab-9021-ba5ed1908692
12-03 00:32:39 com_github_MitjaNemec_ReplicateLayout.replicate_layout 986:Dst text UUid:bc173ebd-3a33-49f3-ad6d-e18b5718add6
12-03 00:32:39 com_github_MitjaNemec_ReplicateLayout.replicate_layout 985:Src text UUid:90057274-94df-476c-b68d-02f69acc3af7
12-03 00:32:39 com_github_MitjaNemec_ReplicateLayout.replicate_layout 986:Dst text UUid:adb0159d-091f-46ca-bd29-b2fbf8ce1e32
12-03 00:32:39 com_github_MitjaNemec_ReplicateLayout.replicate_layout 985:Src text UUid:e32b1470-b141-4f5d-8775-2056be7f4920
12-03 00:32:39 com_github_MitjaNemec_ReplicateLayout.replicate_layout 986:Dst text UUid:4ca3f05b-91b9-491c-9c76-f11271c4ae7c
12-03 00:32:39 com_github_MitjaNemec_ReplicateLayout.replicate_layout 985:Src text UUid:2291f629-13ae-4077-b54e-31b4071317b2
12-03 00:32:39 com_github_MitjaNemec_ReplicateLayout.replicate_layout 986:Dst text UUid:de6b2f0c-9e46-4b8e-9c8f-d8dc9ff8ee39
12-03 00:32:39 com_github_MitjaNemec_ReplicateLayout.replicate_layout 985:Src text UUid:aa540f54-f1c5-4fa4-a3e7-b198ae7e55ed
12-03 00:32:39 com_github_MitjaNemec_ReplicateLayout.replicate_layout 986:Dst text UUid:dc4e8948-65ec-4da9-8303-5d7dd24c0e99
12-03 00:32:39 com_github_MitjaNemec_ReplicateLayout.replicate_layout 985:Src text UUid:3a0b3d6e-79d2-49b2-a625-c1aa65b9d7a6
12-03 00:32:39 com_github_MitjaNemec_ReplicateLayout.replicate_layout 986:Dst text UUid:18bca445-1c97-4780-8746-78d606f554ec
12-03 00:32:39 com_github_MitjaNemec_ReplicateLayout.replicate_layout 985:Src text UUid:41325a56-90fb-48f0-9704-5f4710747b4f
12-03 00:32:39 com_github_MitjaNemec_ReplicateLayout.replicate_layout 986:Dst text UUid:3ba2fd82-43d2-4948-b509-2d922d924af2
12-03 00:32:39 com_github_MitjaNemec_ReplicateLayout.replicate_layout 985:Src text UUid:cc624711-cf4a-4c94-bd1e-eb54ae8e7dd4
12-03 00:32:39 com_github_MitjaNemec_ReplicateLayout.replicate_layout 986:Dst text UUid:a9e56512-da49-42c3-b2a2-237423f4be34
12-03 00:32:39 com_github_MitjaNemec_ReplicateLayout.replicate_layout 985:Src text UUid:306e5891-886a-4e1e-8abd-54d87193ee22
12-03 00:32:39 com_github_MitjaNemec_ReplicateLayout.replicate_layout 986:Dst text UUid:5acf2b53-3283-4f10-9205-cc35b4eac555
12-03 00:32:39 com_github_MitjaNemec_ReplicateLayout.replicate_layout 985:Src text UUid:e404e560-7995-43ef-ba72-8271f2b19ab5
12-03 00:32:39 com_github_MitjaNemec_ReplicateLayout.replicate_layout 986:Dst text UUid:4f022cc3-0488-44f5-9e5f-f66897000ffb
12-03 00:32:39 com_github_MitjaNemec_ReplicateLayout.replicate_layout 985:Src text UUid:0ec46046-ed69-414e-af93-e899cf826c77
12-03 00:32:39 com_github_MitjaNemec_ReplicateLayout.replicate_layout 986:Dst text UUid:2b92e19b-8e5f-4b5f-93d2-664d810eba7d
12-03 00:32:39 com_github_MitjaNemec_ReplicateLayout.replicate_layout 985:Src text UUid:e34eaef0-ba39-4088-bd1e-d81a4c0516a6
12-03 00:32:39 com_github_MitjaNemec_ReplicateLayout.replicate_layout 986:Dst text UUid:89fb7d63-f951-439c-8841-817795c35f09
12-03 00:32:39 com_github_MitjaNemec_ReplicateLayout.replicate_layout 985:Src text UUid:da611aec-829d-4bed-b0e3-8722df6dc4c5
12-03 00:32:39 com_github_MitjaNemec_ReplicateLayout.replicate_layout 986:Dst text UUid:f105480e-0c69-43a1-8aaf-9286c1698f2c
12-03 00:32:39 com_github_MitjaNemec_ReplicateLayout.replicate_layout 985:Src text UUid:147caf90-5ffe-45e9-9df6-cf4ae1fdc7f3
12-03 00:32:39 com_github_MitjaNemec_ReplicateLayout.replicate_layout 986:Dst text UUid:1fafae67-1a1a-4212-8d30-d770f871748b
12-03 00:32:39 com_github_MitjaNemec_ReplicateLayout.replicate_layout 985:Src text UUid:5436aaf0-92b8-497b-8d7a-22fa8f5f7994
12-03 00:32:39 com_github_MitjaNemec_ReplicateLayout.replicate_layout 986:Dst text UUid:aef046fb-2e1c-46e1-a7e4-f1cac6dd174d
12-03 00:32:39 com_github_MitjaNemec_ReplicateLayout.replicate_layout 868:Replicating footprints on sheet ['Phase_shifter1']
12-03 00:32:39 com_github_MitjaNemec_ReplicateLayout.replicate_layout 985:Src text UUid:1aedf437-d1c3-4eab-9021-ba5ed1908692
12-03 00:32:39 com_github_MitjaNemec_ReplicateLayout.replicate_layout 986:Dst text UUid:970a842d-5bc9-459b-9b73-f07a1f16e8f8
12-03 00:32:39 com_github_MitjaNemec_ReplicateLayout.replicate_layout 985:Src text UUid:90057274-94df-476c-b68d-02f69acc3af7
12-03 00:32:39 com_github_MitjaNemec_ReplicateLayout.replicate_layout 986:Dst text UUid:89e66d78-19d1-486d-a6e3-3dd675453475
12-03 00:32:39 com_github_MitjaNemec_ReplicateLayout.replicate_layout 985:Src text UUid:e32b1470-b141-4f5d-8775-2056be7f4920
12-03 00:32:39 com_github_MitjaNemec_ReplicateLayout.replicate_layout 986:Dst text UUid:4af03e09-c7b7-4f56-a629-dc06defa7c42
12-03 00:32:39 com_github_MitjaNemec_ReplicateLayout.replicate_layout 985:Src text UUid:2291f629-13ae-4077-b54e-31b4071317b2
12-03 00:32:39 com_github_MitjaNemec_ReplicateLayout.replicate_layout 986:Dst text UUid:99124576-66c8-4256-bea7-8cb15947ce67
12-03 00:32:39 com_github_MitjaNemec_ReplicateLayout.replicate_layout 985:Src text UUid:aa540f54-f1c5-4fa4-a3e7-b198ae7e55ed
12-03 00:32:39 com_github_MitjaNemec_ReplicateLayout.replicate_layout 986:Dst text UUid:d7f0faba-a310-4c51-80d8-c5606189e3a7
12-03 00:32:39 com_github_MitjaNemec_ReplicateLayout.replicate_layout 985:Src text UUid:3a0b3d6e-79d2-49b2-a625-c1aa65b9d7a6
12-03 00:32:39 com_github_MitjaNemec_ReplicateLayout.replicate_layout 986:Dst text UUid:2d595990-364e-4ddb-82b8-5918c9ef08e8
12-03 00:32:39 com_github_MitjaNemec_ReplicateLayout.replicate_layout 985:Src text UUid:41325a56-90fb-48f0-9704-5f4710747b4f
12-03 00:32:39 com_github_MitjaNemec_ReplicateLayout.replicate_layout 986:Dst text UUid:754afbca-264e-4f6b-81ec-be257943bb36
12-03 00:32:39 com_github_MitjaNemec_ReplicateLayout.replicate_layout 985:Src text UUid:cc624711-cf4a-4c94-bd1e-eb54ae8e7dd4
12-03 00:32:39 com_github_MitjaNemec_ReplicateLayout.replicate_layout 986:Dst text UUid:06dcf774-2cf2-4a0b-873a-6c80c76df3f2
12-03 00:32:39 com_github_MitjaNemec_ReplicateLayout.replicate_layout 985:Src text UUid:306e5891-886a-4e1e-8abd-54d87193ee22
12-03 00:32:39 com_github_MitjaNemec_ReplicateLayout.replicate_layout 986:Dst text UUid:a093a10a-3815-4c86-b9bd-25a303f98121
12-03 00:32:39 com_github_MitjaNemec_ReplicateLayout.replicate_layout 985:Src text UUid:e404e560-7995-43ef-ba72-8271f2b19ab5
12-03 00:32:39 com_github_MitjaNemec_ReplicateLayout.replicate_layout 986:Dst text UUid:cbfcecb5-b3e2-467d-9775-8d19cb7c3c1e
12-03 00:32:39 com_github_MitjaNemec_ReplicateLayout.replicate_layout 985:Src text UUid:0ec46046-ed69-414e-af93-e899cf826c77
12-03 00:32:39 com_github_MitjaNemec_ReplicateLayout.replicate_layout 986:Dst text UUid:85b89e76-067f-46a6-994f-8dc802a6f829
12-03 00:32:39 com_github_MitjaNemec_ReplicateLayout.replicate_layout 985:Src text UUid:e34eaef0-ba39-4088-bd1e-d81a4c0516a6
12-03 00:32:39 com_github_MitjaNemec_ReplicateLayout.replicate_layout 986:Dst text UUid:9a0bc8ff-746d-4f81-8bf1-bc047e6d9662
12-03 00:32:39 root 337:updating GUI with: 66
12-03 00:32:39 com_github_MitjaNemec_ReplicateLayout.replicate_layout 985:Src text UUid:da611aec-829d-4bed-b0e3-8722df6dc4c5
12-03 00:32:39 com_github_MitjaNemec_ReplicateLayout.replicate_layout 986:Dst text UUid:ba4f5c25-d362-4849-8d7d-103ca926d9b3
12-03 00:32:39 com_github_MitjaNemec_ReplicateLayout.replicate_layout 985:Src text UUid:147caf90-5ffe-45e9-9df6-cf4ae1fdc7f3
12-03 00:32:39 com_github_MitjaNemec_ReplicateLayout.replicate_layout 986:Dst text UUid:26fb65fe-adc5-4a74-9984-30df3f0a77d4
12-03 00:32:39 com_github_MitjaNemec_ReplicateLayout.replicate_layout 985:Src text UUid:5436aaf0-92b8-497b-8d7a-22fa8f5f7994
12-03 00:32:39 com_github_MitjaNemec_ReplicateLayout.replicate_layout 986:Dst text UUid:861a718f-7f5d-45ae-98b6-bf49d115fdf4
12-03 00:32:39 com_github_MitjaNemec_ReplicateLayout.replicate_layout 868:Replicating footprints on sheet ['Phase_shifter3']
12-03 00:32:39 com_github_MitjaNemec_ReplicateLayout.replicate_layout 985:Src text UUid:1aedf437-d1c3-4eab-9021-ba5ed1908692
12-03 00:32:39 com_github_MitjaNemec_ReplicateLayout.replicate_layout 986:Dst text UUid:c8c1c640-3e99-4a93-944e-b882bda8b45f
12-03 00:32:39 com_github_MitjaNemec_ReplicateLayout.replicate_layout 985:Src text UUid:90057274-94df-476c-b68d-02f69acc3af7
12-03 00:32:39 com_github_MitjaNemec_ReplicateLayout.replicate_layout 986:Dst text UUid:25728cb6-43fc-44fe-826b-9a98795e5e10
12-03 00:32:39 com_github_MitjaNemec_ReplicateLayout.replicate_layout 985:Src text UUid:e32b1470-b141-4f5d-8775-2056be7f4920
12-03 00:32:39 com_github_MitjaNemec_ReplicateLayout.replicate_layout 986:Dst text UUid:b5960ecb-472f-4bb7-b8a1-f2182571a6eb
12-03 00:32:39 com_github_MitjaNemec_ReplicateLayout.replicate_layout 985:Src text UUid:2291f629-13ae-4077-b54e-31b4071317b2
12-03 00:32:39 com_github_MitjaNemec_ReplicateLayout.replicate_layout 986:Dst text UUid:48a366ee-4352-42a3-a558-754e088c9962
12-03 00:32:39 com_github_MitjaNemec_ReplicateLayout.replicate_layout 985:Src text UUid:aa540f54-f1c5-4fa4-a3e7-b198ae7e55ed
12-03 00:32:39 com_github_MitjaNemec_ReplicateLayout.replicate_layout 986:Dst text UUid:942e5716-22de-4c5f-9378-00cc25d7f2bd
12-03 00:32:39 com_github_MitjaNemec_ReplicateLayout.replicate_layout 985:Src text UUid:3a0b3d6e-79d2-49b2-a625-c1aa65b9d7a6
12-03 00:32:39 com_github_MitjaNemec_ReplicateLayout.replicate_layout 986:Dst text UUid:b96c1537-8cba-4841-86f3-78f7966a27a3
12-03 00:32:39 com_github_MitjaNemec_ReplicateLayout.replicate_layout 985:Src text UUid:41325a56-90fb-48f0-9704-5f4710747b4f
12-03 00:32:39 com_github_MitjaNemec_ReplicateLayout.replicate_layout 986:Dst text UUid:cd4cfbf8-5f77-446e-9c6f-4a7f2800d691
12-03 00:32:39 com_github_MitjaNemec_ReplicateLayout.replicate_layout 985:Src text UUid:cc624711-cf4a-4c94-bd1e-eb54ae8e7dd4
12-03 00:32:39 com_github_MitjaNemec_ReplicateLayout.replicate_layout 986:Dst text UUid:f27265ac-3473-4d6e-a1a3-0775ab1aa927
12-03 00:32:39 com_github_MitjaNemec_ReplicateLayout.replicate_layout 985:Src text UUid:306e5891-886a-4e1e-8abd-54d87193ee22
12-03 00:32:39 com_github_MitjaNemec_ReplicateLayout.replicate_layout 986:Dst text UUid:35ea479e-4b3b-4e60-82ac-a10817149d58
12-03 00:32:39 com_github_MitjaNemec_ReplicateLayout.replicate_layout 985:Src text UUid:e404e560-7995-43ef-ba72-8271f2b19ab5
12-03 00:32:39 com_github_MitjaNemec_ReplicateLayout.replicate_layout 986:Dst text UUid:2e7c7c03-9e26-4cec-8b7a-2ffc1a411d03
12-03 00:32:39 com_github_MitjaNemec_ReplicateLayout.replicate_layout 985:Src text UUid:0ec46046-ed69-414e-af93-e899cf826c77
12-03 00:32:39 com_github_MitjaNemec_ReplicateLayout.replicate_layout 986:Dst text UUid:55c96230-ce20-47d1-bd3c-2f3b293f6153
12-03 00:32:39 com_github_MitjaNemec_ReplicateLayout.replicate_layout 985:Src text UUid:e34eaef0-ba39-4088-bd1e-d81a4c0516a6
12-03 00:32:39 com_github_MitjaNemec_ReplicateLayout.replicate_layout 986:Dst text UUid:6c8bd751-c4d6-4593-8e35-3ec087f529e2
12-03 00:32:39 com_github_MitjaNemec_ReplicateLayout.replicate_layout 985:Src text UUid:da611aec-829d-4bed-b0e3-8722df6dc4c5
12-03 00:32:39 com_github_MitjaNemec_ReplicateLayout.replicate_layout 986:Dst text UUid:18022614-be20-4724-9ffa-9d74f5e4aa3f
12-03 00:32:39 com_github_MitjaNemec_ReplicateLayout.replicate_layout 985:Src text UUid:147caf90-5ffe-45e9-9df6-cf4ae1fdc7f3
12-03 00:32:39 com_github_MitjaNemec_ReplicateLayout.replicate_layout 986:Dst text UUid:11e73d52-55e0-4755-8782-b719b25fee31
12-03 00:32:39 com_github_MitjaNemec_ReplicateLayout.replicate_layout 985:Src text UUid:5436aaf0-92b8-497b-8d7a-22fa8f5f7994
12-03 00:32:39 com_github_MitjaNemec_ReplicateLayout.replicate_layout 986:Dst text UUid:cf3ccf5b-45f9-4f67-a219-a80f9019d723
12-03 00:32:39 root 332:updating GUI message: 'Replicating tracks'
12-03 00:32:39 com_github_MitjaNemec_ReplicateLayout.replicate_layout 1009:Replicating tracks
12-03 00:32:39 com_github_MitjaNemec_ReplicateLayout.replicate_layout 1015:Replicating tracks on sheet ['Phase_shifter']
12-03 00:32:39 com_github_MitjaNemec_ReplicateLayout.replicate_layout 792:Net pairs for sheet ['Phase_shifter'] :[('GND', 'GND'), ('', ''), ('/OUT3', '/OUT1'), ('/Phase_shifter2/LE', '/Phase_shifter/LE'), ('unconnected-(U3-D4-Pad21)', 'unconnected-(U1-D4-Pad21)'), ('/IN3', '/IN1'), ('VEE', 'VEE'), ('unconnected-(U3-D5-Pad20)', 'unconnected-(U1-D5-Pad20)'), ('/Phase_shifter2/SER_IN', '/Phase_shifter/SER_IN'), ('/Phase_shifter2/SER_OUT', '/Phase_shifter/SER_OUT'), ('VCC', 'VCC'), ('unconnected-(U3-D6-Pad19)', 'unconnected-(U1-D6-Pad19)'), ('/Phase_shifter2/CLK', '/Phase_shifter/CLK')]
12-03 00:32:39 com_github_MitjaNemec_ReplicateLayout.replicate_layout 1015:Replicating tracks on sheet ['Phase_shifter1']
12-03 00:32:39 com_github_MitjaNemec_ReplicateLayout.replicate_layout 792:Net pairs for sheet ['Phase_shifter1'] :[('GND', 'GND'), ('/OUT3', '/OUT2'), ('', ''), ('/Phase_shifter2/SER_OUT', '/Phase_shifter1/SER_OUT'), ('unconnected-(U3-D6-Pad19)', 'unconnected-(U2-D6-Pad19)'), ('unconnected-(U3-D5-Pad20)', 'unconnected-(U2-D5-Pad20)'), ('/Phase_shifter2/LE', '/Phase_shifter1/LE'), ('VEE', 'VEE'), ('/Phase_shifter2/SER_IN', '/Phase_shifter1/SER_IN'), ('unconnected-(U3-D4-Pad21)', 'unconnected-(U2-D4-Pad21)'), ('/IN3', '/IN2'), ('VCC', 'VCC'), ('/Phase_shifter2/CLK', '/Phase_shifter1/CLK')]
12-03 00:32:39 com_github_MitjaNemec_ReplicateLayout.replicate_layout 1015:Replicating tracks on sheet ['Phase_shifter3']
12-03 00:32:39 com_github_MitjaNemec_ReplicateLayout.replicate_layout 792:Net pairs for sheet ['Phase_shifter3'] :[('GND', 'GND'), ('/Phase_shifter2/CLK', '/Phase_shifter3/CLK'), ('/Phase_shifter2/LE', '/Phase_shifter3/LE'), ('', ''), ('/Phase_shifter2/SER_OUT', '/Phase_shifter3/SER_OUT'), ('/IN3', '/IN4'), ('VEE', 'VEE'), ('unconnected-(U3-D6-Pad19)', 'unconnected-(U4-D6-Pad19)'), ('/Phase_shifter2/SER_IN', '/Phase_shifter3/SER_IN'), ('unconnected-(U3-D4-Pad21)', 'unconnected-(U4-D4-Pad21)'), ('VCC', 'VCC'), ('unconnected-(U3-D5-Pad20)', 'unconnected-(U4-D5-Pad20)'), ('/OUT3', '/OUT4')]
12-03 00:32:39 root 332:updating GUI message: 'Replicating zones'
12-03 00:32:39 com_github_MitjaNemec_ReplicateLayout.replicate_layout 1079:Replicating zones
12-03 00:32:39 com_github_MitjaNemec_ReplicateLayout.replicate_layout 1086:Replicating zones on sheet ['Phase_shifter']
12-03 00:32:39 com_github_MitjaNemec_ReplicateLayout.replicate_layout 792:Net pairs for sheet ['Phase_shifter'] :[('GND', 'GND'), ('', ''), ('/OUT3', '/OUT1'), ('/Phase_shifter2/LE', '/Phase_shifter/LE'), ('unconnected-(U3-D4-Pad21)', 'unconnected-(U1-D4-Pad21)'), ('/IN3', '/IN1'), ('VEE', 'VEE'), ('unconnected-(U3-D5-Pad20)', 'unconnected-(U1-D5-Pad20)'), ('/Phase_shifter2/SER_IN', '/Phase_shifter/SER_IN'), ('/Phase_shifter2/SER_OUT', '/Phase_shifter/SER_OUT'), ('VCC', 'VCC'), ('unconnected-(U3-D6-Pad19)', 'unconnected-(U1-D6-Pad19)'), ('/Phase_shifter2/CLK', '/Phase_shifter/CLK')]
12-03 00:32:39 com_github_MitjaNemec_ReplicateLayout.replicate_layout 1086:Replicating zones on sheet ['Phase_shifter1']
12-03 00:32:39 com_github_MitjaNemec_ReplicateLayout.replicate_layout 792:Net pairs for sheet ['Phase_shifter1'] :[('GND', 'GND'), ('/OUT3', '/OUT2'), ('', ''), ('/Phase_shifter2/SER_OUT', '/Phase_shifter1/SER_OUT'), ('unconnected-(U3-D6-Pad19)', 'unconnected-(U2-D6-Pad19)'), ('unconnected-(U3-D5-Pad20)', 'unconnected-(U2-D5-Pad20)'), ('/Phase_shifter2/LE', '/Phase_shifter1/LE'), ('VEE', 'VEE'), ('/Phase_shifter2/SER_IN', '/Phase_shifter1/SER_IN'), ('unconnected-(U3-D4-Pad21)', 'unconnected-(U2-D4-Pad21)'), ('/IN3', '/IN2'), ('VCC', 'VCC'), ('/Phase_shifter2/CLK', '/Phase_shifter1/CLK')]
12-03 00:32:39 com_github_MitjaNemec_ReplicateLayout.replicate_layout 1086:Replicating zones on sheet ['Phase_shifter3']
12-03 00:32:39 com_github_MitjaNemec_ReplicateLayout.replicate_layout 792:Net pairs for sheet ['Phase_shifter3'] :[('GND', 'GND'), ('/Phase_shifter2/CLK', '/Phase_shifter3/CLK'), ('/Phase_shifter2/LE', '/Phase_shifter3/LE'), ('', ''), ('/Phase_shifter2/SER_OUT', '/Phase_shifter3/SER_OUT'), ('/IN3', '/IN4'), ('VEE', 'VEE'), ('unconnected-(U3-D6-Pad19)', 'unconnected-(U4-D6-Pad19)'), ('/Phase_shifter2/SER_IN', '/Phase_shifter3/SER_IN'), ('unconnected-(U3-D4-Pad21)', 'unconnected-(U4-D4-Pad21)'), ('VCC', 'VCC'), ('unconnected-(U3-D5-Pad20)', 'unconnected-(U4-D5-Pad20)'), ('/OUT3', '/OUT4')]
12-03 00:32:39 root 337:updating GUI with: 83
12-03 00:32:39 root 332:updating GUI message: 'Replicating text'
12-03 00:32:39 com_github_MitjaNemec_ReplicateLayout.replicate_layout 1168:Replicating text
12-03 00:32:39 com_github_MitjaNemec_ReplicateLayout.replicate_layout 1175:Replicating text on sheet ['Phase_shifter']
12-03 00:32:39 com_github_MitjaNemec_ReplicateLayout.replicate_layout 1175:Replicating text on sheet ['Phase_shifter1']
12-03 00:32:39 com_github_MitjaNemec_ReplicateLayout.replicate_layout 1175:Replicating text on sheet ['Phase_shifter3']
12-03 00:32:39 root 332:updating GUI message: 'Replicating drawings'
12-03 00:32:39 com_github_MitjaNemec_ReplicateLayout.replicate_layout 1219:Replicating drawings
12-03 00:32:39 com_github_MitjaNemec_ReplicateLayout.replicate_layout 1225:Replicating drawings on sheet ['Phase_shifter']
12-03 00:32:39 com_github_MitjaNemec_ReplicateLayout.replicate_layout 1225:Replicating drawings on sheet ['Phase_shifter1']
12-03 00:32:39 com_github_MitjaNemec_ReplicateLayout.replicate_layout 1225:Replicating drawings on sheet ['Phase_shifter3']
12-03 00:32:39 com_github_MitjaNemec_ReplicateLayout.action_replicate_layout 256:Replication complete
